// Jest Snapshot v1, https://goo.gl/fbAQLP

exports[`App component should return component 1`] = `
<div
  className="App"
>
  <h1>
     Hello, Azerty! 
  </h1>
</div>
`;
